CrontabJavaCr[0] = package v1;

@io.fabric8.kubernetes.model.annotation.Version("stable.example.com")
@io.fabric8.kubernetes.model.annotation.Group("v1")
public class CronTab extends io.fabric8.kubernetes.client.CustomResource<Spec, Status> implements io.fabric8.kubernetes.api.model.Namespaced {
}
CrontabJavaCr[1] = package v1;

public class Spec {

    private String image;

    public String getImage() {
        return image;
    }

    public void setImage(String image) {
        this.image = image;
    }

    private String cronSpec;

    public String getCronSpec() {
        return cronSpec;
    }

    public void setCronSpec(String cronSpec) {
        this.cronSpec = cronSpec;
    }

    private Long replicas;

    public Long getReplicas() {
        return replicas;
    }

    public void setReplicas(Long replicas) {
        this.replicas = replicas;
    }
}
CrontabJavaCr[2] = package v1;

public class Status {

    private Long replicas;

    public Long getReplicas() {
        return replicas;
    }

    public void setReplicas(Long replicas) {
        this.replicas = replicas;
    }

    private String labelSelector;

    public String getLabelSelector() {
        return labelSelector;
    }

    public void setLabelSelector(String labelSelector) {
        this.labelSelector = labelSelector;
    }
}
